2025-08-28 15:42:25,933 [INFO] 定义配置类完成...
2025-08-28 15:42:25,933 [INFO] 定义工具类完成...
2025-08-28 15:42:25,933 [INFO] 程序开始运行...
2025-08-28 15:42:25,988 [INFO] 创建 QApplication 实例...
2025-08-28 15:42:25,990 [INFO] 初始化主窗口...
2025-08-28 15:42:25,991 [INFO] 初始化配置...
2025-08-28 15:42:25,991 [INFO] 加载配置...
2025-08-28 15:42:25,994 [INFO] 配置加载完成: 5个导航项, 78个工具
2025-08-28 15:42:26,020 [INFO] 后台工作线程初始化完成
2025-08-28 15:42:26,020 [INFO] 开始初始化界面...
2025-08-28 15:42:26,300 [INFO] 界面初始化完成
2025-08-28 15:42:26,310 [INFO] 主窗口初始化完成
2025-08-28 15:42:26,313 [INFO] 创建主窗口...
2025-08-28 15:42:26,396 [INFO] 显示主窗口...
2025-08-28 15:42:29,279 [INFO] CyberChef加载成功
2025-08-28 15:42:33,258 [INFO] 初始化配置...
2025-08-28 15:42:33,258 [INFO] 加载配置...
2025-08-28 15:42:33,259 [INFO] 配置加载完成: 5个导航项, 78个工具
2025-08-28 15:42:39,742 [INFO] 初始化配置...
2025-08-28 15:42:39,742 [INFO] 加载配置...
2025-08-28 15:42:39,744 [INFO] 配置加载完成: 5个导航项, 78个工具
2025-08-28 15:42:41,162 [INFO] CyberChef加载成功
2025-08-28 15:42:42,460 [INFO] 初始化配置...
2025-08-28 15:42:42,460 [INFO] 加载配置...
2025-08-28 15:42:42,463 [INFO] 配置加载完成: 5个导航项, 78个工具
2025-08-28 15:42:44,418 [INFO] 正在关闭应用程序，请稍候...
2025-08-28 15:42:44,430 [INFO] 退出时间: 2025-08-28 15:42:44
2025-08-28 15:42:44,430 [INFO] 当前内存占用: 385.57 MB
2025-08-28 15:42:44,430 [INFO] 已保存配置文件: e:\Code\Python\SecuHub\modules\config.json
2025-08-28 15:42:45,433 [WARNING] 进程监控线程未能及时停止。
2025-08-28 15:42:46,941 [INFO] 定义配置类完成...
2025-08-28 15:42:46,941 [INFO] 定义工具类完成...
2025-08-28 15:42:46,941 [INFO] 程序开始运行...
2025-08-28 15:42:47,027 [INFO] 创建 QApplication 实例...
2025-08-28 15:42:47,028 [INFO] 初始化主窗口...
2025-08-28 15:42:47,028 [INFO] 初始化配置...
2025-08-28 15:42:47,028 [INFO] 加载配置...
2025-08-28 15:42:47,030 [INFO] 配置加载完成: 5个导航项, 78个工具
2025-08-28 15:42:47,060 [INFO] 后台工作线程初始化完成
2025-08-28 15:42:47,060 [INFO] 开始初始化界面...
2025-08-28 15:42:47,369 [INFO] 界面初始化完成
2025-08-28 15:42:47,379 [INFO] 主窗口初始化完成
2025-08-28 15:42:47,383 [INFO] 创建主窗口...
2025-08-28 15:42:47,467 [INFO] 显示主窗口...
2025-08-28 15:42:50,230 [INFO] 初始化配置...
2025-08-28 15:42:50,231 [INFO] 加载配置...
2025-08-28 15:42:50,232 [INFO] 配置加载完成: 5个导航项, 78个工具
2025-08-28 15:42:50,603 [INFO] CyberChef加载成功
2025-08-28 15:42:55,754 [INFO] CyberChef加载成功
2025-08-28 15:43:17,051 [INFO] 内存优化完成
2025-08-28 15:43:47,051 [INFO] 内存优化完成
2025-08-28 15:44:17,049 [INFO] 内存优化完成
2025-08-28 15:44:47,049 [INFO] 内存优化完成
2025-08-28 15:45:17,052 [INFO] 内存优化完成
2025-08-28 15:45:47,053 [INFO] 内存优化完成
2025-08-28 15:46:17,051 [INFO] 内存优化完成
2025-08-28 15:46:47,050 [INFO] 内存优化完成
2025-08-28 15:47:01,079 [INFO] 定义配置类完成...
2025-08-28 15:47:01,079 [INFO] 定义工具类完成...
2025-08-28 15:47:01,080 [INFO] 程序开始运行...
2025-08-28 15:47:01,150 [INFO] 创建 QApplication 实例...
2025-08-28 15:47:01,151 [INFO] 初始化主窗口...
2025-08-28 15:47:01,151 [INFO] 初始化配置...
2025-08-28 15:47:01,151 [INFO] 加载配置...
2025-08-28 15:47:01,153 [INFO] 配置加载完成: 5个导航项, 78个工具
2025-08-28 15:47:01,185 [INFO] 后台工作线程初始化完成
2025-08-28 15:47:01,185 [INFO] 开始初始化界面...
2025-08-28 15:47:01,493 [INFO] 界面初始化完成
2025-08-28 15:47:01,503 [INFO] 主窗口初始化完成
2025-08-28 15:47:01,506 [INFO] 创建主窗口...
2025-08-28 15:47:01,594 [INFO] 显示主窗口...
2025-08-28 15:47:03,961 [INFO] 保存配置...
2025-08-28 15:47:10,034 [INFO] 进程已结束: deadpool_1.5 (PID: 40408)
2025-08-28 15:47:10,128 [INFO] 初始化配置...
2025-08-28 15:47:10,128 [INFO] 加载配置...
2025-08-28 15:47:10,129 [INFO] 配置加载完成: 5个导航项, 78个工具
2025-08-28 15:47:12,485 [INFO] CyberChef加载成功
2025-08-28 15:47:13,862 [INFO] 初始化配置...
2025-08-28 15:47:13,863 [INFO] 加载配置...
2025-08-28 15:47:13,863 [INFO] 配置加载完成: 5个导航项, 78个工具
2025-08-28 15:47:15,730 [INFO] CyberChef加载成功
2025-08-28 15:47:16,195 [INFO] 初始化配置...
2025-08-28 15:47:16,195 [INFO] 加载配置...
2025-08-28 15:47:16,195 [INFO] 配置加载完成: 5个导航项, 78个工具
2025-08-28 15:47:17,019 [INFO] 初始化配置...
2025-08-28 15:47:17,019 [INFO] 加载配置...
2025-08-28 15:47:17,021 [INFO] 配置加载完成: 5个导航项, 78个工具
2025-08-28 15:47:18,478 [INFO] CyberChef加载成功
2025-08-28 15:47:19,606 [INFO] 初始化配置...
2025-08-28 15:47:19,606 [INFO] 加载配置...
2025-08-28 15:47:19,608 [INFO] 配置加载完成: 5个导航项, 78个工具
2025-08-28 15:47:21,538 [INFO] 初始化配置...
2025-08-28 15:47:21,538 [INFO] 加载配置...
2025-08-28 15:47:21,539 [INFO] 配置加载完成: 5个导航项, 78个工具
2025-08-28 15:47:21,887 [INFO] CyberChef加载成功
2025-08-28 15:47:22,759 [INFO] 初始化配置...
2025-08-28 15:47:22,759 [INFO] 加载配置...
2025-08-28 15:47:22,760 [INFO] 配置加载完成: 5个导航项, 78个工具
2025-08-28 15:47:24,117 [INFO] CyberChef加载成功
2025-08-28 15:47:31,080 [INFO] 正在关闭应用程序，请稍候...
2025-08-28 15:47:31,091 [INFO] 退出时间: 2025-08-28 15:47:31
2025-08-28 15:47:31,091 [INFO] 当前内存占用: 393.81 MB
2025-08-28 15:47:31,091 [INFO] 已保存配置文件: e:\Code\Python\SecuHub\modules\config.json
2025-08-28 15:49:18,224 [INFO] 定义配置类完成...
2025-08-28 15:49:18,224 [INFO] 定义工具类完成...
2025-08-28 15:49:18,225 [INFO] 程序开始运行...
2025-08-28 15:49:18,282 [INFO] 创建 QApplication 实例...
2025-08-28 15:49:18,283 [INFO] 初始化主窗口...
2025-08-28 15:49:18,283 [INFO] 初始化配置...
2025-08-28 15:49:18,284 [INFO] 加载配置...
2025-08-28 15:49:18,284 [INFO] 配置加载完成: 5个导航项, 78个工具
2025-08-28 15:49:18,312 [INFO] 后台工作线程初始化完成
2025-08-28 15:49:18,312 [INFO] 开始初始化界面...
2025-08-28 15:49:18,579 [INFO] 界面初始化完成
2025-08-28 15:49:18,588 [INFO] 主窗口初始化完成
2025-08-28 15:49:18,591 [INFO] 创建主窗口...
2025-08-28 15:49:18,673 [INFO] 显示主窗口...
2025-08-28 15:49:20,221 [INFO] 初始化配置...
2025-08-28 15:49:20,221 [INFO] 加载配置...
2025-08-28 15:49:20,222 [INFO] 配置加载完成: 5个导航项, 78个工具
2025-08-28 15:49:22,901 [INFO] 初始化配置...
2025-08-28 15:49:22,901 [INFO] 加载配置...
2025-08-28 15:49:22,902 [INFO] 配置加载完成: 5个导航项, 78个工具
2025-08-28 15:49:23,152 [INFO] CyberChef加载成功
2025-08-28 15:49:25,530 [INFO] 初始化配置...
2025-08-28 15:49:25,530 [INFO] 加载配置...
2025-08-28 15:49:25,531 [INFO] 配置加载完成: 5个导航项, 78个工具
2025-08-28 15:49:28,749 [INFO] 正在关闭应用程序，请稍候...
2025-08-28 15:49:28,760 [INFO] 退出时间: 2025-08-28 15:49:28
2025-08-28 15:49:28,760 [INFO] 当前内存占用: 403.52 MB
2025-08-28 15:49:28,760 [INFO] 已保存配置文件: e:\Code\Python\SecuHub\modules\config.json
2025-08-28 15:49:29,761 [WARNING] 进程监控线程未能及时停止。
2025-08-28 15:50:03,757 [INFO] 定义配置类完成...
2025-08-28 15:50:03,757 [INFO] 定义工具类完成...
2025-08-28 15:50:03,758 [INFO] 程序开始运行...
2025-08-28 15:50:03,825 [INFO] 创建 QApplication 实例...
2025-08-28 15:50:03,825 [INFO] 初始化主窗口...
2025-08-28 15:50:03,825 [INFO] 初始化配置...
2025-08-28 15:50:03,826 [INFO] 加载配置...
2025-08-28 15:50:03,826 [INFO] 配置加载完成: 5个导航项, 78个工具
2025-08-28 15:50:03,857 [INFO] 后台工作线程初始化完成
2025-08-28 15:50:03,857 [INFO] 开始初始化界面...
2025-08-28 15:50:04,149 [INFO] 界面初始化完成
2025-08-28 15:50:04,160 [INFO] 主窗口初始化完成
2025-08-28 15:50:04,163 [INFO] 创建主窗口...
2025-08-28 15:50:04,257 [INFO] 显示主窗口...
2025-08-28 15:50:06,890 [INFO] CyberChef加载成功
2025-08-28 15:50:07,675 [INFO] 初始化配置...
2025-08-28 15:50:07,676 [INFO] 加载配置...
2025-08-28 15:50:07,676 [INFO] 配置加载完成: 5个导航项, 78个工具
2025-08-28 15:50:10,538 [INFO] CyberChef加载成功
2025-08-28 15:50:13,893 [INFO] 保存配置...
2025-08-28 15:50:16,557 [INFO] 进程已结束: deadpool_1.5 (PID: 36064)
2025-08-28 15:50:16,638 [INFO] 正在关闭应用程序，请稍候...
2025-08-28 15:50:16,650 [INFO] 退出时间: 2025-08-28 15:50:16
2025-08-28 15:50:16,650 [INFO] 当前内存占用: 369.47 MB
2025-08-28 15:50:16,650 [INFO] 已保存配置文件: e:\Code\Python\SecuHub\modules\../config.json
2025-08-28 15:50:17,657 [WARNING] 进程监控线程未能及时停止。
2025-08-28 15:50:26,272 [INFO] 定义配置类完成...
2025-08-28 15:50:26,272 [INFO] 定义工具类完成...
2025-08-28 15:50:26,273 [INFO] 程序开始运行...
2025-08-28 15:50:26,333 [INFO] 创建 QApplication 实例...
2025-08-28 15:50:26,333 [INFO] 初始化主窗口...
2025-08-28 15:50:26,334 [INFO] 初始化配置...
2025-08-28 15:50:26,334 [INFO] 加载配置...
2025-08-28 15:50:26,336 [INFO] 配置加载完成: 5个导航项, 78个工具
2025-08-28 15:50:26,365 [INFO] 后台工作线程初始化完成
2025-08-28 15:50:26,365 [INFO] 开始初始化界面...
2025-08-28 15:50:26,647 [INFO] 界面初始化完成
2025-08-28 15:50:26,660 [INFO] 主窗口初始化完成
2025-08-28 15:50:26,663 [INFO] 创建主窗口...
2025-08-28 15:50:26,749 [INFO] 显示主窗口...
2025-08-28 15:50:28,328 [INFO] 保存配置...
2025-08-28 15:50:33,181 [INFO] 正在关闭应用程序，请稍候...
2025-08-28 15:50:33,194 [INFO] 退出时间: 2025-08-28 15:50:33
2025-08-28 15:50:33,194 [INFO] 当前内存占用: 169.12 MB
2025-08-28 15:50:33,194 [INFO] 已保存配置文件: e:\Code\Python\SecuHub\modules\config.json
2025-08-28 15:50:34,198 [WARNING] 进程监控线程未能及时停止。
2025-08-28 15:52:14,167 [INFO] 定义配置类完成...
2025-08-28 15:52:14,167 [INFO] 定义工具类完成...
2025-08-28 15:52:14,168 [INFO] 程序开始运行...
2025-08-28 15:52:14,230 [INFO] 创建 QApplication 实例...
2025-08-28 15:52:14,231 [INFO] 初始化主窗口...
2025-08-28 15:52:14,232 [INFO] 初始化配置...
2025-08-28 15:52:14,232 [INFO] 加载配置...
2025-08-28 15:52:14,233 [INFO] 配置加载完成: 5个导航项, 78个工具
2025-08-28 15:52:14,265 [INFO] 后台工作线程初始化完成
2025-08-28 15:52:14,265 [INFO] 开始初始化界面...
2025-08-28 15:52:14,612 [INFO] 界面初始化完成
2025-08-28 15:52:14,623 [INFO] 主窗口初始化完成
2025-08-28 15:52:14,627 [INFO] 创建主窗口...
2025-08-28 15:52:14,718 [INFO] 显示主窗口...
2025-08-28 15:52:18,525 [INFO] CyberChef加载成功
2025-08-28 15:52:21,345 [INFO] 正在关闭应用程序，请稍候...
2025-08-28 15:52:21,359 [INFO] 退出时间: 2025-08-28 15:52:21
2025-08-28 15:52:21,359 [INFO] 当前内存占用: 356.48 MB
2025-08-28 15:52:21,359 [INFO] 已保存配置文件: e:\Code\Python\SecuHub\config.json
2025-08-28 15:52:22,362 [WARNING] 进程监控线程未能及时停止。
